<html>
	<head><script type="text/javascript" src="../resource/org.apache.wicket.ajax.AbstractDefaultAjaxBehavior/res/js/jquery/jquery.min.js"></script>
<script type="text/javascript" src="../resource/org.apache.wicket.ajax.AbstractDefaultAjaxBehavior/res/js/wicket-event-jquery.js"></script>
<script type="text/javascript" src="../resource/org.apache.wicket.ajax.AbstractDefaultAjaxBehavior/res/js/wicket-ajax-jquery.js"></script>
<script type="text/javascript" src="../resource/org.apache.wicket.ajax.AbstractDefaultAjaxBehavior/res/js/wicket-ajax-jquery-debug.js"></script>
<script type="text/javascript" id="wicket-ajax-debug-enable">
/*<![CDATA[*/
Wicket.Ajax.DebugWindow.enabled=true;
/*]]>*/
</script>
<script type="text/javascript" id="wicket-ajax-base-url">
/*<![CDATA[*/
Wicket.Ajax.baseUrl="wicket/bookmarkable/org.apache.wicket.ajax.form.OnChangeAjaxBehaviorTestPage?0";
/*]]>*/
</script>
<script type="text/javascript" >
/*<![CDATA[*/
Wicket.Event.add(window, "domready", function(event) { new Wicket.ChangeHandler('field1');;});
/*]]>*/
</script>
</head><body>
		<form wicket:id="form" id="form2" method="post" action="../page?0-1.IFormSubmitListener-form"><div style="width:0px;height:0px;position:absolute;left:-100px;top:-100px;overflow:hidden"><input type="hidden" name="form2_hf_0" id="form2_hf_0" /></div>
			<input type="text" wicket:id="field" value="" name="field" id="field1" onchange="var wcall=Wicket.Ajax.post(&#039;../page?0-1.IBehaviorListener.0-form-field&#039;, Wicket.Form.serialize(Wicket.$(&#039;field1&#039;)), Wicket.bind(function() { }, this), Wicket.bind(function() { }, this), Wicket.bind(function() {return Wicket.$(&#039;field1&#039;) != null;}, this));"/>
	
			<select wicket:id="dropDown" name="dropDown" id="dropDown3" onchange="var wcall=Wicket.Ajax.post(&#039;../page?0-1.IBehaviorListener.0-form-dropDown&#039;, Wicket.Form.serialize(Wicket.$(&#039;dropDown3&#039;)), Wicket.bind(function() { }, this), Wicket.bind(function() { }, this), Wicket.bind(function() {return Wicket.$(&#039;dropDown3&#039;) != null;}, this));">
<option selected="selected" value="">Choose One</option>
</select>
		</form>			
	</body>
</html>