<?xml version="1.0" encoding="UTF-8"?><ajax-response><header-contribution encoding="wicket1" ><![CDATA[<head xmlns:wicket="http://wicket.apache.org"><script type="text/javascript" src="resource/org.apache.wicket.markup.html.WicketEventReference/wicket-event.js"></script>
<script type="text/javascript" src="resource/org.apache.wicket.ajax.WicketAjaxReference/wicket-ajax.js"></script>
<script type="text/javascript" src="resource/org.apache.wicket.ajax.AbstractDefaultAjaxBehavior/wicket-ajax-debug.js"></script>
<script type="text/javascript" id="wicket-ajax-debug-enable"><!--/*--><![CDATA[/*><!--*/
wicketAjaxDebugEnable=true;
/*-->]^]^>*/</script>
<script type="text/javascript" id="wicket-ajax-base-url"><!--/*--><![CDATA[/*><!--*/
Wicket.Ajax.baseUrl="wicket/page?0-1.IBehaviorListener.0-test";
/*-->]^]^>*/</script>
</head>]]></header-contribution><component id="test1" ><![CDATA[<a href="page?0-1.ILinkListener-test" id="test1" onclick="var wcall=wicketAjaxGet('page?0-1.IBehaviorListener.0-test',function() { }.bind(this),function() { }.bind(this), function() {return Wicket.$('test1') != null;}.bind(this));return !wcall;">Test</a>]]></component><evaluate><![CDATA[test1();]]></evaluate><evaluate><![CDATA[test2();]]></evaluate></ajax-response>