<html>
<head>
<link href="../../test"/>
<script type="text/javascript" src="../../javascripturl"></script>
<script type="text/javascript" src="../resource/org.apache.wicket.ajax.AbstractDefaultAjaxBehavior/res/js/jquery/jquery.min.js"></script>
<script type="text/javascript" src="../resource/org.apache.wicket.ajax.AbstractDefaultAjaxBehavior/res/js/wicket-event-jquery.js"></script>
<script type="text/javascript" >
/*<![CDATA[*/
Wicket.Event.add(window, "domready", function(event) { domReady();;});
/*]]>*/
</script>
<script type="text/javascript" >
/*<![CDATA[*/
Wicket.Event.add(window, "load", function(event) { onLoad();;});
/*]]>*/
</script>

<link href="../../test2"/>
<script type="text/javascript" src="../../javascripturlB"></script>
<script type="text/javascript" >
/*<![CDATA[*/
Wicket.Event.add(window, "domready", function(event) { domReadyB();;});
/*]]>*/
</script>
<script type="text/javascript" >
/*<![CDATA[*/
Wicket.Event.add(window, "load", function(event) { onLoadB();;});
/*]]>*/
</script>
<script type="text/javascript" src="../resource/org.apache.wicket.ajax.AbstractDefaultAjaxBehavior/res/js/wicket-ajax-jquery.js"></script>
<script type="text/javascript" src="../resource/org.apache.wicket.ajax.AbstractDefaultAjaxBehavior/res/js/wicket-ajax-jquery-debug.js"></script>
<script type="text/javascript" id="wicket-ajax-debug-enable">
/*<![CDATA[*/
Wicket.Ajax.DebugWindow.enabled=true;
/*]]>*/
</script>
<script type="text/javascript" id="wicket-ajax-base-url">
/*<![CDATA[*/
Wicket.Ajax.baseUrl="wicket/bookmarkable/org.apache.wicket.ajax.AjaxHeaderContributionPage2?0";
/*]]>*/
</script>
</head><body>
<span wicket:id="test1" id="test11"><wicket:panel>
test
</wicket:panel></span>
<span wicket:id="test2" id="test22"><wicket:panel>
test
</wicket:panel></span>
<span wicket:id="test3" id="test33"><wicket:panel>
test
</wicket:panel></span>
<span wicket:id="btest1" id="btest14"><wicket:panel>
test
</wicket:panel></span>
<span wicket:id="btest2" id="btest25"><wicket:panel>
test
</wicket:panel></span>
<span wicket:id="btest3" id="btest36"><wicket:panel>
test
</wicket:panel></span>
<a href="../page?0-1.ILinkListener-link" wicket:id="link" id="link7" onclick="var wcall=Wicket.Ajax.get(&#039;../page?0-1.IBehaviorListener.0-link&#039;, Wicket.bind(function() { }, this), Wicket.bind(function() { }, this), Wicket.bind(function() {return Wicket.$(&#039;link7&#039;) != null;}, this));return !wcall;">Test</a>
</body>
</html>