<?xml version="1.0" encoding="UTF-8"?><ajax-response><header-contribution encoding="wicket1" ><![CDATA[<head xmlns:wicket="http://wicket.apache.org"><script type="text/javascript" src="resource/org.apache.wicket.ajax.AbstractDefaultAjaxBehavior/res/js/jquery/jquery.min.js"></script>
<script type="text/javascript" src="resource/org.apache.wicket.ajax.AbstractDefaultAjaxBehavior/res/js/wicket-event-jquery.js"></script>
<script type="text/javascript" src="resource/org.apache.wicket.ajax.AbstractDefaultAjaxBehavior/res/js/wicket-ajax-jquery.js"></script>
<script type="text/javascript" src="resource/org.apache.wicket.ajax.AbstractDefaultAjaxBehavior/res/js/wicket-ajax-jquery-debug.js"></script>
<script type="text/javascript" id="wicket-ajax-debug-enable">
/*<![CDATA[*/
Wicket.Ajax.DebugWindow.enabled=true;
/*]^]^>*/
</script>
<script type="text/javascript" id="wicket-ajax-base-url">
/*<![CDATA[*/
Wicket.Ajax.baseUrl="wicket/page?0-1.IBehaviorListener.0-test";
/*]^]^>*/
</script>
</head>]]></header-contribution><component id="test1" ><![CDATA[<a href="page?0-1.ILinkListener-test" wicket:id="test" id="test1" onclick="var wcall=Wicket.Ajax.get(&#039;page?0-1.IBehaviorListener.0-test&#039;, Wicket.bind(function() { }, this), Wicket.bind(function() { }, this), Wicket.bind(function() {return Wicket.$(&#039;test1&#039;) != null;}, this));return !wcall;">Test</a>]]></component><evaluate><![CDATA[test1();]]></evaluate><evaluate><![CDATA[test2();]]></evaluate></ajax-response>