<html>
<head><script type="text/javascript" src="../resource/org.apache.wicket.ajax.AbstractDefaultAjaxBehavior/res/js/jquery/jquery.min.js"></script>
<script type="text/javascript" src="../resource/org.apache.wicket.ajax.AbstractDefaultAjaxBehavior/res/js/wicket-event-jquery.js"></script>
<script type="text/javascript" src="../resource/org.apache.wicket.ajax.AbstractDefaultAjaxBehavior/res/js/wicket-ajax-jquery.js"></script>
<script type="text/javascript" src="../resource/org.apache.wicket.ajax.AbstractDefaultAjaxBehavior/res/js/wicket-ajax-jquery-debug.js"></script>
<script type="text/javascript" id="wicket-ajax-debug-enable">
/*<![CDATA[*/
Wicket.Ajax.DebugWindow.enabled=true;
/*]]>*/
</script>
<script type="text/javascript" id="wicket-ajax-base-url">
/*<![CDATA[*/
Wicket.Ajax.baseUrl="wicket/bookmarkable/org.apache.wicket.ajax.DomReadyOrderPage?0";
/*]]>*/
</script>
<script type="text/javascript" >
/*<![CDATA[*/
Wicket.Event.add(window, "domready", function(event) { test1();;});
/*]]>*/
</script>
<script type="text/javascript" >
/*<![CDATA[*/
Wicket.Event.add(window, "domready", function(event) { test2();;});
/*]]>*/
</script>
</head><body>
<a href="../page?0-1.ILinkListener-test" wicket:id="test" id="test1" onclick="var wcall=Wicket.Ajax.get(&#039;../page?0-1.IBehaviorListener.0-test&#039;, Wicket.bind(function() { }, this), Wicket.bind(function() { }, this), Wicket.bind(function() {return Wicket.$(&#039;test1&#039;) != null;}, this));return !wcall;">Test</a>
</body>
</html>